// Jest Snapshot v1, https://goo.gl/fbAQLP

exports[`Slider component renders correctly 1`] = `
<div
  className="sc-jrAFXE iNtaJr"
/>
`;
