// Jest Snapshot v1, https://goo.gl/fbAQLP

exports[`MenuButton Component renders properly 1`] = `
<styled.div
  onClick={[MockFunction]}
>
  <Styled(Menu) />
  <styled.div
    picture="blank_profile.jpg"
  />
</styled.div>
`;
