// Jest Snapshot v1, https://goo.gl/fbAQLP

exports[`UserPicture component renders properly 1`] = `
<div
  className="sc-bdfBQB drxxLc"
/>
`;
