// Jest Snapshot v1, https://goo.gl/fbAQLP

exports[`Button Component renders properly 1`] = `
<button
  className="sc-bdfBQB kA-djzH"
>
  Button
</button>
`;
