// Jest Snapshot v1, https://goo.gl/fbAQLP

exports[`Tag Component renders properly 1`] = `
<div
  className="sc-iBPTik ljAoSl"
>
  Hello
</div>
`;
