// Jest Snapshot v1, https://goo.gl/fbAQLP

exports[`Bubble component renders correctly 1`] = `
<div
  className="sc-pGacB idJyiZ"
/>
`;
