// Jest Snapshot v1, https://goo.gl/fbAQLP

exports[`Footer component renders correctly without crashing 1`] = `
<footer>
  <div
    className="footer container"
  >
    <div
      className="footer-wrapper"
    >
      hello world!
    </div>
  </div>
</footer>
`;
