// Jest Snapshot v1, https://goo.gl/fbAQLP

exports[`DisplayIdentifiedPeopleButton component renders correctly 1`] = `
<styled.div
  onClick={[MockFunction]}
>
  <Styled(User) />
</styled.div>
`;
